---
source: tests/help_snapshots.rs
expression: out
---
Random token generation (hex / base64 / alphanumeric)

Usage: ubertool token [OPTIONS] <COMMAND>

Commands:
  new   Generate a random token
  help  Print this message or the help of the given subcommand(s)

Options:
      --json     Output as JSON to stdout. Human messages still go to stderr
  -q, --quiet    Bare values only (pipe-friendly)
  -v, --verbose  Verbose progress to stderr
  -h, --help     Print help
  -V, --version  Print version
